// Jest Snapshot v1, https://goo.gl/fbAQLP

exports[`/src/components/warning-sass test-1 jest-snapshot 1`] = `
<div
  className="warning"
>
  Warning!
</div>
`;
